mode: set
github.com/whitekid/goxp/cmd/goxp/cryptox.go:12.13,20.55 2 0
github.com/whitekid/goxp/cmd/goxp/cryptox.go:20.55,22.18 2 0
github.com/whitekid/goxp/cmd/goxp/cryptox.go:22.18,24.5 1 0
github.com/whitekid/goxp/cmd/goxp/cryptox.go:26.4,27.14 2 0
github.com/whitekid/goxp/cmd/goxp/cryptox.go:31.2,34.55 1 0
github.com/whitekid/goxp/cmd/goxp/cryptox.go:34.55,36.18 2 0
github.com/whitekid/goxp/cmd/goxp/cryptox.go:36.18,38.5 1 0
github.com/whitekid/goxp/cmd/goxp/cryptox.go:40.4,41.14 2 0
github.com/whitekid/goxp/cmd/goxp/log.go:10.13,13.55 1 0
github.com/whitekid/goxp/cmd/goxp/log.go:13.55,17.4 3 0
github.com/whitekid/goxp/cmd/goxp/main.go:22.13,27.55 1 0
github.com/whitekid/goxp/cmd/goxp/main.go:27.55,29.18 2 0
github.com/whitekid/goxp/cmd/goxp/main.go:29.18,31.5 1 0
github.com/whitekid/goxp/cmd/goxp/main.go:33.4,34.14 2 0
github.com/whitekid/goxp/cmd/goxp/main.go:38.2,41.48 1 0
github.com/whitekid/goxp/cmd/goxp/main.go:41.48,43.4 1 0
github.com/whitekid/goxp/cmd/goxp/main.go:47.13,48.42 1 0
github.com/whitekid/goxp/cmd/goxp/main.go:48.42,50.3 1 0
github.com/whitekid/goxp/cmd/goxp/request.go:10.13,15.55 1 0
github.com/whitekid/goxp/cmd/goxp/request.go:15.55,17.4 1 0
github.com/whitekid/goxp/cmd/goxp/request.go:18.30,20.3 1 0
github.com/whitekid/goxp/cmd/goxp/service.go:15.13,19.48 1 0
github.com/whitekid/goxp/cmd/goxp/service.go:19.48,28.4 6 0
github.com/whitekid/goxp/cmd/goxp/service.go:36.43,38.2 1 0
github.com/whitekid/goxp/cmd/goxp/service.go:40.57,41.67 1 0
github.com/whitekid/goxp/cmd/goxp/service.go:41.67,42.30 1 0
github.com/whitekid/goxp/cmd/goxp/service.go:42.30,44.4 1 0
github.com/whitekid/goxp/cmd/goxp/service.go:46.3,46.60 1 0
github.com/whitekid/goxp/cmd/goxp/service.go:49.2,50.18 2 0
github.com/whitekid/goxp/cmd/goxp/slug.go:17.13,26.48 2 0
github.com/whitekid/goxp/cmd/goxp/slug.go:26.48,28.44 1 0
github.com/whitekid/goxp/cmd/goxp/slug.go:28.44,28.65 1 0
github.com/whitekid/goxp/cmd/goxp/slug.go:29.30,35.6 4 0
github.com/whitekid/goxp/cmd/goxp/slug.go:39.2,42.48 1 0
github.com/whitekid/goxp/cmd/goxp/slug.go:42.48,50.43 5 0
github.com/whitekid/goxp/cmd/goxp/slug.go:50.43,50.74 1 0
github.com/whitekid/goxp/cmd/goxp/slug.go:51.29,56.6 4 0
github.com/whitekid/goxp/cmd/goxp/slug.go:60.2,63.48 1 0
github.com/whitekid/goxp/cmd/goxp/slug.go:63.48,66.4 2 0
github.com/whitekid/goxp/cmd/goxp/worker.go:19.13,22.48 1 0
github.com/whitekid/goxp/cmd/goxp/worker.go:22.48,23.72 1 0
github.com/whitekid/goxp/cmd/goxp/worker.go:23.72,25.5 1 0
github.com/whitekid/goxp/cmd/goxp/worker.go:27.4,27.79 1 0
github.com/whitekid/goxp/cmd/goxp/worker.go:27.79,36.12 6 0
github.com/whitekid/goxp/cmd/goxp/worker.go:37.23,38.22 1 0
github.com/whitekid/goxp/cmd/goxp/worker.go:40.20,41.16 1 0
github.com/whitekid/goxp/cmd/goxp/worker.go:47.2,49.48 1 0
github.com/whitekid/goxp/cmd/goxp/worker.go:49.48,51.69 2 0
github.com/whitekid/goxp/cmd/goxp/worker.go:51.69,53.5 1 0
github.com/whitekid/goxp/cmd/goxp/worker.go:54.4,54.16 1 0
github.com/whitekid/goxp/cobrax/command.go:5.82,8.15 2 0
github.com/whitekid/goxp/cobrax/command.go:8.15,10.3 1 0
github.com/whitekid/goxp/cobrax/command.go:12.2,12.12 1 0
github.com/whitekid/goxp/cmd/goxp/request/curl.go:12.49,16.16 2 0
github.com/whitekid/goxp/cmd/goxp/request/curl.go:16.16,18.3 1 0
github.com/whitekid/goxp/cmd/goxp/request/curl.go:20.2,20.19 1 0
github.com/whitekid/goxp/cmd/goxp/request/curl.go:20.19,22.30 2 0
github.com/whitekid/goxp/cmd/goxp/request/curl.go:22.30,24.4 1 0
github.com/whitekid/goxp/cmd/goxp/request/curl.go:25.3,25.19 1 0
github.com/whitekid/goxp/cmd/goxp/request/curl.go:28.2,30.12 3 0
github.com/whitekid/goxp/cmd/goxp/request/flags.go:16.70,19.2 2 0
github.com/whitekid/goxp/errors/error.go:9.37,9.69 1 1
github.com/whitekid/goxp/errors/error.go:10.37,10.70 1 0
github.com/whitekid/goxp/errors/error.go:11.37,11.70 1 0
github.com/whitekid/goxp/errors/error.go:12.37,12.68 1 0
github.com/whitekid/goxp/errors/error.go:13.37,13.66 1 0
github.com/whitekid/goxp/errors/stack.go:14.37,14.57 1 0
github.com/whitekid/goxp/errors/stack.go:15.37,15.57 1 0
github.com/whitekid/goxp/errors/stack.go:16.37,16.53 1 1
github.com/whitekid/goxp/errors/stack.go:18.49,19.11 1 1
github.com/whitekid/goxp/errors/stack.go:20.11,21.18 1 1
github.com/whitekid/goxp/errors/stack.go:21.18,23.31 2 1
github.com/whitekid/goxp/errors/stack.go:23.31,25.18 2 1
github.com/whitekid/goxp/errors/stack.go:25.18,26.14 1 0
github.com/whitekid/goxp/errors/stack.go:28.5,29.63 2 1
github.com/whitekid/goxp/errors/stack.go:32.4,32.20 1 1
github.com/whitekid/goxp/errors/stack.go:32.20,33.49 1 1
github.com/whitekid/goxp/errors/stack.go:33.49,35.6 1 1
github.com/whitekid/goxp/errors/stack.go:35.11,37.6 1 0
github.com/whitekid/goxp/errors/stack.go:39.9,41.4 1 1
github.com/whitekid/goxp/errors/stack.go:42.11,43.34 1 1
github.com/whitekid/goxp/errors/stack.go:47.58,49.2 1 1
github.com/whitekid/goxp/errors/stack.go:51.57,53.2 1 0
github.com/whitekid/goxp/errors/stack.go:55.44,57.2 1 0
github.com/whitekid/goxp/errors/stack.go:59.54,69.2 4 1
github.com/whitekid/goxp/httptest/request.go:31.28,37.2 1 0
github.com/whitekid/goxp/httptest/request.go:40.93,43.54 2 0
github.com/whitekid/goxp/httptest/request.go:43.54,45.3 1 0
github.com/whitekid/goxp/httptest/request.go:48.2,50.59 3 0
github.com/whitekid/goxp/httptest/request.go:50.59,51.23 1 0
github.com/whitekid/goxp/httptest/request.go:51.23,53.4 1 0
github.com/whitekid/goxp/httptest/request.go:55.3,55.26 1 0
github.com/whitekid/goxp/httptest/request.go:55.26,58.4 2 0
github.com/whitekid/goxp/httptest/request.go:60.3,60.23 1 0
github.com/whitekid/goxp/httptest/request.go:60.23,62.10 2 0
github.com/whitekid/goxp/httptest/request.go:62.10,64.5 1 0
github.com/whitekid/goxp/httptest/request.go:64.10,69.5 3 0
github.com/whitekid/goxp/httptest/request.go:70.4,70.36 1 0
github.com/whitekid/goxp/httptest/request.go:74.2,76.23 2 0
github.com/whitekid/goxp/httptest/request.go:76.23,78.3 1 0
github.com/whitekid/goxp/httptest/request.go:80.2,80.33 1 0
github.com/whitekid/goxp/httptest/request.go:80.33,82.3 1 0
github.com/whitekid/goxp/httptest/request.go:84.2,84.28 1 0
github.com/whitekid/goxp/httptest/request.go:84.28,86.3 1 0
github.com/whitekid/goxp/httptest/request.go:88.2,91.8 3 0
github.com/whitekid/goxp/httptest/request.go:95.38,97.2 1 0
github.com/whitekid/goxp/httptest/request.go:100.54,102.2 1 0
github.com/whitekid/goxp/httptest/request.go:105.49,107.2 1 0
github.com/whitekid/goxp/cryptox/aes.go:19.35,19.66 1 1
github.com/whitekid/goxp/cryptox/aes.go:21.65,22.30 1 1
github.com/whitekid/goxp/cryptox/aes.go:22.30,24.3 1 1
github.com/whitekid/goxp/cryptox/aes.go:26.2,26.27 1 1
github.com/whitekid/goxp/cryptox/aes.go:29.58,31.16 2 1
github.com/whitekid/goxp/cryptox/aes.go:31.16,33.3 1 0
github.com/whitekid/goxp/cryptox/aes.go:35.2,35.52 1 1
github.com/whitekid/goxp/cryptox/aes.go:35.52,38.3 2 1
github.com/whitekid/goxp/cryptox/aes.go:40.2,42.56 3 1
github.com/whitekid/goxp/cryptox/aes.go:42.56,44.3 1 0
github.com/whitekid/goxp/cryptox/aes.go:46.2,49.24 3 1
github.com/whitekid/goxp/cryptox/aes.go:52.58,54.16 2 1
github.com/whitekid/goxp/cryptox/aes.go:54.16,56.3 1 0
github.com/whitekid/goxp/cryptox/aes.go:58.2,58.38 1 1
github.com/whitekid/goxp/cryptox/aes.go:58.38,60.3 1 0
github.com/whitekid/goxp/cryptox/aes.go:62.2,69.63 6 1
github.com/whitekid/goxp/cryptox/aes.go:69.63,69.80 1 1
github.com/whitekid/goxp/cryptox/aes.go:71.2,71.23 1 1
github.com/whitekid/goxp/cryptox/cryptox.go:25.48,27.16 2 1
github.com/whitekid/goxp/cryptox/cryptox.go:27.16,29.3 1 0
github.com/whitekid/goxp/cryptox/cryptox.go:31.2,31.61 1 1
github.com/whitekid/goxp/cryptox/cryptox.go:34.48,36.16 2 1
github.com/whitekid/goxp/cryptox/cryptox.go:36.16,38.3 1 0
github.com/whitekid/goxp/cryptox/cryptox.go:40.2,41.16 2 1
github.com/whitekid/goxp/cryptox/cryptox.go:41.16,43.3 1 0
github.com/whitekid/goxp/cryptox/cryptox.go:45.2,45.31 1 1
github.com/whitekid/goxp/cryptox/cryptox.go:48.43,50.16 2 1
github.com/whitekid/goxp/cryptox/cryptox.go:50.16,52.3 1 0
github.com/whitekid/goxp/cryptox/cryptox.go:53.2,53.12 1 1
github.com/whitekid/goxp/cryptox/cryptox.go:56.43,58.16 2 0
github.com/whitekid/goxp/cryptox/cryptox.go:58.16,60.3 1 0
github.com/whitekid/goxp/cryptox/cryptox.go:61.2,61.12 1 0
github.com/whitekid/goxp/cryptox/des.go:19.35,19.66 1 1
github.com/whitekid/goxp/cryptox/des.go:21.65,22.30 1 1
github.com/whitekid/goxp/cryptox/des.go:22.30,24.3 1 0
github.com/whitekid/goxp/cryptox/des.go:26.2,26.27 1 1
github.com/whitekid/goxp/cryptox/des.go:29.58,31.16 2 1
github.com/whitekid/goxp/cryptox/des.go:31.16,33.3 1 0
github.com/whitekid/goxp/cryptox/des.go:35.2,35.52 1 1
github.com/whitekid/goxp/cryptox/des.go:35.52,38.3 2 1
github.com/whitekid/goxp/cryptox/des.go:40.2,42.56 3 1
github.com/whitekid/goxp/cryptox/des.go:42.56,44.3 1 0
github.com/whitekid/goxp/cryptox/des.go:46.2,49.24 3 1
github.com/whitekid/goxp/cryptox/des.go:52.58,54.16 2 1
github.com/whitekid/goxp/cryptox/des.go:54.16,56.3 1 0
github.com/whitekid/goxp/cryptox/des.go:58.2,58.38 1 1
github.com/whitekid/goxp/cryptox/des.go:58.38,60.3 1 0
github.com/whitekid/goxp/cryptox/des.go:62.2,69.63 6 1
github.com/whitekid/goxp/cryptox/des.go:69.63,69.80 1 1
github.com/whitekid/goxp/cryptox/des.go:71.2,71.23 1 1
github.com/whitekid/goxp/chanx/chan.go:6.93,7.6 1 1
github.com/whitekid/goxp/chanx/chan.go:7.6,8.10 1 1
github.com/whitekid/goxp/chanx/chan.go:9.21,10.20 1 0
github.com/whitekid/goxp/chanx/chan.go:12.22,13.11 1 1
github.com/whitekid/goxp/chanx/chan.go:13.11,15.5 1 1
github.com/whitekid/goxp/chanx/chan.go:17.4,17.37 1 1
github.com/whitekid/goxp/chanx/chan.go:17.37,19.5 1 0
github.com/whitekid/goxp/chanx/chan.go:25.51,28.2 2 0
github.com/whitekid/goxp/chanx/fan.go:10.68,14.27 3 1
github.com/whitekid/goxp/chanx/fan.go:14.27,15.22 1 1
github.com/whitekid/goxp/chanx/fan.go:15.22,16.62 1 1
github.com/whitekid/goxp/chanx/fan.go:16.62,19.5 2 1
github.com/whitekid/goxp/chanx/fan.go:23.2,23.12 1 1
github.com/whitekid/goxp/chanx/fan.go:23.12,26.3 2 1
github.com/whitekid/goxp/chanx/fan.go:28.2,28.12 1 1
github.com/whitekid/goxp/chanx/fan.go:32.76,34.28 2 1
github.com/whitekid/goxp/chanx/fan.go:34.28,36.3 1 1
github.com/whitekid/goxp/chanx/fan.go:38.2,38.12 1 1
github.com/whitekid/goxp/chanx/fan.go:38.12,41.21 2 1
github.com/whitekid/goxp/chanx/fan.go:41.21,42.11 1 1
github.com/whitekid/goxp/chanx/fan.go:43.22,44.15 1 0
github.com/whitekid/goxp/chanx/fan.go:45.12,49.14 3 1
github.com/whitekid/goxp/chanx/fan.go:53.3,53.29 1 1
github.com/whitekid/goxp/chanx/fan.go:53.29,55.4 1 1
github.com/whitekid/goxp/chanx/fan.go:58.2,59.28 2 1
github.com/whitekid/goxp/chanx/fan.go:59.28,61.3 1 1
github.com/whitekid/goxp/chanx/fan.go:63.2,63.10 1 1
github.com/whitekid/goxp/fixtures/env.go:16.38,22.16 4 1
github.com/whitekid/goxp/fixtures/env.go:22.16,23.18 1 1
github.com/whitekid/goxp/fixtures/env.go:23.18,24.14 1 1
github.com/whitekid/goxp/fixtures/env.go:24.14,26.5 1 1
github.com/whitekid/goxp/fixtures/env.go:26.10,28.5 1 1
github.com/whitekid/goxp/fixtures/env.go:34.44,35.62 1 1
github.com/whitekid/goxp/fixtures/env.go:35.62,37.3 1 1
github.com/whitekid/goxp/fixtures/env.go:39.2,39.57 1 1
github.com/whitekid/goxp/fixtures/env.go:43.42,46.2 2 0
github.com/whitekid/goxp/fixtures/env.go:49.36,51.12 2 1
github.com/whitekid/goxp/fixtures/env.go:51.12,53.3 1 1
github.com/whitekid/goxp/fixtures/env.go:55.2,57.16 2 1
github.com/whitekid/goxp/fixtures/env.go:57.16,58.18 1 1
github.com/whitekid/goxp/fixtures/env.go:58.18,59.14 1 1
github.com/whitekid/goxp/fixtures/env.go:59.14,61.5 1 1
github.com/whitekid/goxp/fixtures/env.go:61.10,63.5 1 0
github.com/whitekid/goxp/fixtures/env.go:69.40,70.56 1 0
github.com/whitekid/goxp/fixtures/env.go:70.56,72.3 1 0
github.com/whitekid/goxp/fixtures/file.go:11.70,15.37 3 1
github.com/whitekid/goxp/fixtures/file.go:15.37,17.3 1 1
github.com/whitekid/goxp/fixtures/file.go:19.2,21.16 2 1
github.com/whitekid/goxp/fixtures/file.go:21.16,21.33 1 1
github.com/whitekid/goxp/fixtures/file.go:21.33,21.56 1 1
github.com/whitekid/goxp/fixtures/fixtures.go:7.40,8.16 1 1
github.com/whitekid/goxp/fixtures/fixtures.go:8.16,9.27 1 1
github.com/whitekid/goxp/fixtures/fixtures.go:9.27,11.4 1 1
github.com/whitekid/goxp/fixtures/timer.go:17.49,18.28 1 1
github.com/whitekid/goxp/fixtures/timer.go:18.28,18.55 1 1
github.com/whitekid/goxp/fixtures/timer.go:19.2,23.16 3 1
github.com/whitekid/goxp/fixtures/timer.go:23.16,24.18 1 1
github.com/whitekid/goxp/fixtures/timer.go:24.18,27.4 2 1
github.com/whitekid/goxp/flags/flags.go:10.106,15.2 3 0
github.com/whitekid/goxp/flags/flags.go:16.108,19.2 2 0
github.com/whitekid/goxp/flags/flags.go:21.109,26.2 3 0
github.com/whitekid/goxp/flags/flags.go:28.111,31.2 2 0
github.com/whitekid/goxp/flags/flags.go:33.115,38.2 3 0
github.com/whitekid/goxp/flags/flags.go:40.117,43.2 2 0
github.com/whitekid/goxp/flags/flags.go:45.120,50.2 3 0
github.com/whitekid/goxp/flags/flags.go:52.126,55.2 2 0
github.com/whitekid/goxp/flags/flags.go:57.127,62.2 3 0
github.com/whitekid/goxp/flags/flags.go:64.133,67.2 2 0
github.com/whitekid/goxp/fx/fx.go:14.31,14.66 1 1
github.com/whitekid/goxp/fx/fx.go:17.41,18.34 1 0
github.com/whitekid/goxp/fx/fx.go:18.34,19.7 1 0
github.com/whitekid/goxp/fx/fx.go:19.7,21.11 2 0
github.com/whitekid/goxp/fx/fx.go:21.11,23.5 1 0
github.com/whitekid/goxp/fx/fx.go:25.4,25.17 1 0
github.com/whitekid/goxp/fx/fx.go:25.17,27.5 1 0
github.com/whitekid/goxp/fx/fx.go:32.41,33.39 1 1
github.com/whitekid/goxp/fx/fx.go:33.39,35.20 2 1
github.com/whitekid/goxp/fx/fx.go:35.20,36.20 1 1
github.com/whitekid/goxp/fx/fx.go:36.20,38.5 1 0
github.com/whitekid/goxp/fx/fx.go:39.4,39.7 1 1
github.com/whitekid/goxp/fx/fx.go:44.45,45.34 1 0
github.com/whitekid/goxp/fx/fx.go:45.34,46.20 1 0
github.com/whitekid/goxp/fx/fx.go:46.20,47.17 1 0
github.com/whitekid/goxp/fx/fx.go:47.17,49.5 1 0
github.com/whitekid/goxp/fx/fx.go:52.3,52.25 1 0
github.com/whitekid/goxp/fx/fx.go:52.25,53.21 1 0
github.com/whitekid/goxp/fx/fx.go:53.21,54.18 1 0
github.com/whitekid/goxp/fx/fx.go:54.18,56.6 1 0
github.com/whitekid/goxp/fx/fx.go:62.31,62.72 1 1
github.com/whitekid/goxp/fx/fx.go:64.39,65.28 1 0
github.com/whitekid/goxp/fx/fx.go:65.28,67.3 1 0
github.com/whitekid/goxp/fx/fx.go:70.48,71.34 1 1
github.com/whitekid/goxp/fx/fx.go:71.34,72.20 1 1
github.com/whitekid/goxp/fx/fx.go:72.20,73.14 1 1
github.com/whitekid/goxp/fx/fx.go:73.14,74.13 1 1
github.com/whitekid/goxp/fx/fx.go:77.4,77.17 1 1
github.com/whitekid/goxp/fx/fx.go:77.17,79.5 1 0
github.com/whitekid/goxp/fx/fx.go:84.36,84.61 1 0
github.com/whitekid/goxp/fx/fx.go:86.42,86.63 1 0
github.com/whitekid/goxp/fx/fx.go:87.57,88.35 1 1
github.com/whitekid/goxp/fx/fx.go:88.35,89.20 1 1
github.com/whitekid/goxp/fx/fx.go:89.20,90.21 1 1
github.com/whitekid/goxp/fx/fx.go:90.21,92.5 1 0
github.com/whitekid/goxp/fx/gen/gen.go:12.55,12.72 1 1
github.com/whitekid/goxp/fx/gen/gen.go:15.33,15.65 1 1
github.com/whitekid/goxp/fx/gen/gen.go:19.72,19.89 1 0
github.com/whitekid/goxp/fx/gen/gen.go:22.53,22.81 1 1
github.com/whitekid/goxp/fx/gen/generators.go:12.27,12.66 1 0
github.com/whitekid/goxp/fx/gen/generators.go:15.48,18.26 2 1
github.com/whitekid/goxp/fx/gen/generators.go:18.26,19.15 1 1
github.com/whitekid/goxp/fx/gen/generators.go:19.15,21.4 1 1
github.com/whitekid/goxp/fx/gen/generators.go:23.3,25.23 3 1
github.com/whitekid/goxp/fx/gen/generators.go:30.35,32.18 2 0
github.com/whitekid/goxp/fx/gen/generators.go:32.18,34.3 1 0
github.com/whitekid/goxp/fx/gen/generators.go:36.2,36.28 1 0
github.com/whitekid/goxp/fx/gen/generators.go:36.28,39.3 2 0
github.com/whitekid/goxp/fx/gen/generators.go:43.33,44.15 1 0
github.com/whitekid/goxp/fx/gen/generators.go:44.15,45.32 1 0
github.com/whitekid/goxp/fx/gen/generators.go:45.32,45.53 1 0
github.com/whitekid/goxp/fx/gen/generators.go:48.2,48.31 1 0
github.com/whitekid/goxp/fx/gen/generators.go:48.31,51.43 2 0
github.com/whitekid/goxp/fx/gen/generators.go:51.43,53.4 1 0
github.com/whitekid/goxp/fx/gen/generators.go:55.3,55.19 1 0
github.com/whitekid/goxp/fx/gen/generators.go:59.36,60.20 1 1
github.com/whitekid/goxp/fx/gen/generators.go:60.20,62.3 1 1
github.com/whitekid/goxp/fx/gen/generators.go:64.2,66.26 2 0
github.com/whitekid/goxp/fx/gen/generators.go:66.26,70.3 3 0
github.com/whitekid/goxp/fx/gen/generators.go:73.37,74.26 1 1
github.com/whitekid/goxp/fx/gen/generators.go:74.26,77.3 2 1
github.com/whitekid/goxp/fx/gen/generators.go:80.34,81.17 1 1
github.com/whitekid/goxp/fx/gen/generators.go:81.17,83.3 1 0
github.com/whitekid/goxp/fx/gen/generators.go:85.2,86.26 2 1
github.com/whitekid/goxp/fx/gen/generators.go:86.26,89.3 2 1
github.com/whitekid/goxp/fx/gen/iter.go:6.39,9.26 2 1
github.com/whitekid/goxp/fx/gen/iter.go:9.26,11.10 2 1
github.com/whitekid/goxp/fx/gen/iter.go:11.10,13.4 1 1
github.com/whitekid/goxp/fx/gen/iter.go:15.3,15.15 1 1
github.com/whitekid/goxp/fx/gen/iter.go:20.38,21.34 1 1
github.com/whitekid/goxp/fx/gen/iter.go:21.34,22.43 1 1
github.com/whitekid/goxp/fx/gen/iter.go:22.43,23.17 1 1
github.com/whitekid/goxp/fx/gen/iter.go:23.17,25.5 1 0
github.com/whitekid/goxp/fx/gen/iter.go:30.54,33.30 2 1
github.com/whitekid/goxp/fx/gen/iter.go:33.30,35.10 2 1
github.com/whitekid/goxp/fx/gen/iter.go:35.10,37.4 1 1
github.com/whitekid/goxp/fx/gen/iter.go:39.3,39.20 1 1
github.com/whitekid/goxp/iterx/iter.go:12.31,13.34 1 1
github.com/whitekid/goxp/iterx/iter.go:13.34,14.23 1 1
github.com/whitekid/goxp/iterx/iter.go:14.23,15.17 1 1
github.com/whitekid/goxp/iterx/iter.go:15.17,17.5 1 0
github.com/whitekid/goxp/iterx/iter.go:22.36,22.61 1 1
github.com/whitekid/goxp/iterx/iter.go:24.41,24.65 1 1
github.com/whitekid/goxp/iterx/iter.go:25.50,26.39 1 1
github.com/whitekid/goxp/iterx/iter.go:26.39,28.20 2 1
github.com/whitekid/goxp/iterx/iter.go:28.20,29.20 1 1
github.com/whitekid/goxp/iterx/iter.go:29.20,31.5 1 0
github.com/whitekid/goxp/iterx/iter.go:33.4,33.7 1 1
github.com/whitekid/goxp/iterx/iter.go:38.45,38.72 1 1
github.com/whitekid/goxp/iterx/iter.go:39.51,40.34 1 1
github.com/whitekid/goxp/iterx/iter.go:40.34,41.20 1 1
github.com/whitekid/goxp/iterx/iter.go:41.20,42.17 1 1
github.com/whitekid/goxp/iterx/iter.go:42.17,44.5 1 0
github.com/whitekid/goxp/iterx/iter.go:47.3,47.25 1 1
github.com/whitekid/goxp/iterx/iter.go:47.25,48.21 1 1
github.com/whitekid/goxp/iterx/iter.go:48.21,49.18 1 1
github.com/whitekid/goxp/iterx/iter.go:49.18,51.6 1 0
github.com/whitekid/goxp/iterx/iter.go:57.31,57.66 1 1
github.com/whitekid/goxp/iterx/iter.go:59.50,62.19 2 0
github.com/whitekid/goxp/iterx/iter.go:62.19,63.13 1 0
github.com/whitekid/goxp/iterx/iter.go:63.13,65.4 1 0
github.com/whitekid/goxp/iterx/iter.go:68.2,68.10 1 0
github.com/whitekid/goxp/iterx/iter.go:71.52,71.81 1 0
github.com/whitekid/goxp/iterx/iter.go:72.63,73.44 1 1
github.com/whitekid/goxp/iterx/iter.go:73.44,79.15 4 1
github.com/whitekid/goxp/iterx/iter.go:79.15,81.11 2 1
github.com/whitekid/goxp/iterx/iter.go:81.11,83.5 1 1
github.com/whitekid/goxp/iterx/iter.go:85.4,85.39 1 1
github.com/whitekid/goxp/iterx/iter.go:85.39,86.18 1 1
github.com/whitekid/goxp/iterx/iter.go:86.18,88.6 1 0
github.com/whitekid/goxp/iterx/iter.go:90.5,90.30 1 1
github.com/whitekid/goxp/iterx/iter.go:90.30,92.13 2 1
github.com/whitekid/goxp/iterx/iter.go:92.13,95.7 2 1
github.com/whitekid/goxp/iterx/iter.go:96.6,96.19 1 1
github.com/whitekid/goxp/iterx/iter.go:96.19,99.7 2 0
github.com/whitekid/goxp/iterx/iter.go:101.7,103.5 1 0
github.com/whitekid/goxp/iterx/iter.go:108.81,109.50 1 1
github.com/whitekid/goxp/iterx/iter.go:109.50,115.15 4 1
github.com/whitekid/goxp/iterx/iter.go:115.15,117.11 2 1
github.com/whitekid/goxp/iterx/iter.go:117.11,119.5 1 1
github.com/whitekid/goxp/iterx/iter.go:121.4,121.44 1 1
github.com/whitekid/goxp/iterx/iter.go:121.44,122.23 1 1
github.com/whitekid/goxp/iterx/iter.go:122.23,124.6 1 0
github.com/whitekid/goxp/iterx/iter.go:126.5,126.30 1 1
github.com/whitekid/goxp/iterx/iter.go:126.30,128.13 2 1
github.com/whitekid/goxp/iterx/iter.go:128.13,131.7 2 1
github.com/whitekid/goxp/iterx/iter.go:132.6,132.24 1 1
github.com/whitekid/goxp/iterx/iter.go:132.24,135.7 2 0
github.com/whitekid/goxp/iterx/iter.go:137.7,139.5 1 0
github.com/whitekid/goxp/iterx/iter.go:144.45,144.93 1 0
github.com/whitekid/goxp/iterx/iter.go:146.40,147.34 1 0
github.com/whitekid/goxp/iterx/iter.go:147.34,148.24 1 0
github.com/whitekid/goxp/iterx/iter.go:148.24,149.22 1 0
github.com/whitekid/goxp/iterx/iter.go:149.22,150.18 1 0
github.com/whitekid/goxp/iterx/iter.go:150.18,152.6 1 0
github.com/whitekid/goxp/iterx/iter.go:158.39,159.28 1 0
github.com/whitekid/goxp/iterx/iter.go:159.28,161.3 1 0
github.com/whitekid/goxp/iterx/iter.go:164.48,165.34 1 0
github.com/whitekid/goxp/iterx/iter.go:165.34,166.20 1 0
github.com/whitekid/goxp/iterx/iter.go:166.20,167.13 1 0
github.com/whitekid/goxp/iterx/iter.go:167.13,168.18 1 0
github.com/whitekid/goxp/iterx/iter.go:168.18,170.6 1 0
github.com/whitekid/goxp/iterx/iter.go:176.42,176.63 1 0
github.com/whitekid/goxp/iterx/iter.go:177.57,178.35 1 0
github.com/whitekid/goxp/iterx/iter.go:178.35,179.20 1 0
github.com/whitekid/goxp/iterx/iter.go:179.20,180.21 1 0
github.com/whitekid/goxp/iterx/iter.go:180.21,182.5 1 0
github.com/whitekid/goxp/iterx/iter.go:187.66,187.88 1 0
github.com/whitekid/goxp/iterx/iter.go:188.86,189.39 1 0
github.com/whitekid/goxp/iterx/iter.go:189.39,190.25 1 0
github.com/whitekid/goxp/iterx/iter.go:190.25,191.26 1 0
github.com/whitekid/goxp/iterx/iter.go:191.26,193.5 1 0
github.com/whitekid/goxp/iterx/iter.go:198.43,201.19 2 0
github.com/whitekid/goxp/iterx/iter.go:201.19,203.3 1 0
github.com/whitekid/goxp/iterx/iter.go:205.2,205.10 1 0
github.com/whitekid/goxp/iterx/iter.go:208.43,209.34 1 0
github.com/whitekid/goxp/iterx/iter.go:209.34,210.30 1 0
github.com/whitekid/goxp/iterx/iter.go:210.30,211.17 1 0
github.com/whitekid/goxp/iterx/iter.go:211.17,213.5 1 0
github.com/whitekid/goxp/iterx/iter.go:218.44,218.80 1 0
github.com/whitekid/goxp/iterx/iter.go:221.57,222.39 1 1
github.com/whitekid/goxp/iterx/iter.go:222.39,224.21 2 1
github.com/whitekid/goxp/iterx/iter.go:224.21,225.20 1 1
github.com/whitekid/goxp/iterx/iter.go:225.20,227.5 1 0
github.com/whitekid/goxp/iterx/iter.go:228.4,228.7 1 1
github.com/whitekid/goxp/log/glog.go:15.51,18.2 2 0
github.com/whitekid/goxp/log/glog.go:20.42,36.2 3 0
github.com/whitekid/goxp/log/glog.go:38.43,40.2 1 0
github.com/whitekid/goxp/log/log.go:36.41,36.74 1 1
github.com/whitekid/goxp/log/log.go:37.41,37.72 1 1
github.com/whitekid/goxp/log/log.go:38.41,38.81 1 1
github.com/whitekid/goxp/log/log.go:39.41,39.73 1 1
github.com/whitekid/goxp/log/log.go:40.41,40.82 1 0
github.com/whitekid/goxp/log/log.go:41.41,41.72 1 0
github.com/whitekid/goxp/log/log.go:42.41,42.81 1 0
github.com/whitekid/goxp/log/log.go:43.41,43.73 1 0
github.com/whitekid/goxp/log/log.go:44.41,44.82 1 0
github.com/whitekid/goxp/log/log.go:45.41,45.73 1 0
github.com/whitekid/goxp/log/log.go:46.41,46.82 1 0
github.com/whitekid/goxp/log/zap.go:12.49,16.15 3 1
github.com/whitekid/goxp/log/zap.go:17.15,19.51 2 1
github.com/whitekid/goxp/log/zap.go:20.10,22.48 2 1
github.com/whitekid/goxp/log/zap.go:25.2,26.22 2 1
github.com/whitekid/goxp/log/zap.go:26.22,28.3 1 1
github.com/whitekid/goxp/log/zap.go:30.2,37.11 1 1
github.com/whitekid/goxp/log/zap.go:47.43,49.2 1 1
github.com/whitekid/goxp/log/zap.go:55.13,62.2 3 1
github.com/whitekid/goxp/log/zap.go:73.36,79.2 2 0
github.com/whitekid/goxp/log/zap.go:82.51,93.2 4 1
github.com/whitekid/goxp/log/zap.go:96.40,99.2 2 0
github.com/whitekid/goxp/mapx/maps.go:13.69,13.95 1 0
github.com/whitekid/goxp/mapx/maps.go:15.46,15.68 1 0
github.com/whitekid/goxp/mapx/maps.go:18.44,18.59 1 0
github.com/whitekid/goxp/mapx/maps.go:19.68,20.22 1 1
github.com/whitekid/goxp/mapx/maps.go:20.22,22.3 1 1
github.com/whitekid/goxp/mapx/maps.go:25.49,25.73 1 0
github.com/whitekid/goxp/mapx/maps.go:26.49,26.71 1 0
github.com/whitekid/goxp/mapx/maps.go:29.65,29.89 1 0
github.com/whitekid/goxp/mapx/maps.go:30.73,33.22 2 1
github.com/whitekid/goxp/mapx/maps.go:33.22,34.15 1 1
github.com/whitekid/goxp/mapx/maps.go:34.15,36.4 1 1
github.com/whitekid/goxp/mapx/maps.go:39.2,39.10 1 1
github.com/whitekid/goxp/mapx/maps.go:42.64,45.2 2 0
github.com/whitekid/goxp/mapx/maps.go:47.43,47.66 1 0
github.com/whitekid/goxp/mapx/maps.go:49.120,52.22 2 0
github.com/whitekid/goxp/mapx/maps.go:52.22,55.3 2 0
github.com/whitekid/goxp/mapx/maps.go:57.2,57.10 1 0
github.com/whitekid/goxp/mapx/maps.go:60.90,61.14 1 1
github.com/whitekid/goxp/mapx/maps.go:61.14,63.3 1 0
github.com/whitekid/goxp/mapx/maps.go:65.2,67.22 2 1
github.com/whitekid/goxp/mapx/maps.go:67.22,69.3 1 1
github.com/whitekid/goxp/mapx/maps.go:71.2,71.10 1 1
github.com/whitekid/goxp/mapx/maps.go:75.85,76.14 1 1
github.com/whitekid/goxp/mapx/maps.go:76.14,78.3 1 0
github.com/whitekid/goxp/mapx/maps.go:80.2,82.22 2 1
github.com/whitekid/goxp/mapx/maps.go:82.22,84.3 1 1
github.com/whitekid/goxp/mapx/maps.go:86.2,86.10 1 1
github.com/whitekid/goxp/mapx/maps.go:90.53,90.94 1 0
github.com/whitekid/goxp/mapx/maps.go:91.68,94.23 2 1
github.com/whitekid/goxp/mapx/maps.go:94.23,96.3 1 1
github.com/whitekid/goxp/mapx/maps.go:98.2,98.24 1 1
github.com/whitekid/goxp/mapx/maps.go:98.24,99.24 1 1
github.com/whitekid/goxp/mapx/maps.go:99.24,101.4 1 1
github.com/whitekid/goxp/mapx/maps.go:104.2,104.10 1 1
github.com/whitekid/goxp/mapx/maps.go:107.40,107.60 1 0
github.com/whitekid/goxp/mapx/maps.go:108.58,111.2 2 1
github.com/whitekid/goxp/mapx/maps.go:113.45,113.73 1 0
github.com/whitekid/goxp/mapx/maps.go:114.71,115.24 1 0
github.com/whitekid/goxp/mapx/maps.go:115.24,118.3 2 0
github.com/whitekid/goxp/mapx/maps.go:120.2,120.14 1 0
github.com/whitekid/goxp/mapx/maps.go:124.77,126.22 2 1
github.com/whitekid/goxp/mapx/maps.go:126.22,128.3 1 1
github.com/whitekid/goxp/mapx/maps.go:129.2,129.23 1 1
github.com/whitekid/goxp/mapx/maps.go:132.45,132.70 1 0
github.com/whitekid/goxp/mapx/ordered.go:14.64,19.2 1 1
github.com/whitekid/goxp/mapx/ordered.go:21.51,24.2 2 1
github.com/whitekid/goxp/mapx/ordered.go:26.50,27.40 1 1
github.com/whitekid/goxp/mapx/ordered.go:27.40,29.3 1 1
github.com/whitekid/goxp/mapx/ordered.go:31.2,31.22 1 1
github.com/whitekid/goxp/mapx/ordered.go:34.44,38.15 3 1
github.com/whitekid/goxp/mapx/ordered.go:38.15,40.3 1 1
github.com/whitekid/goxp/mapx/ordered.go:43.49,43.71 1 1
github.com/whitekid/goxp/mapx/ordered.go:44.49,44.81 1 1
github.com/whitekid/goxp/mapx/ordered.go:45.51,46.34 1 0
github.com/whitekid/goxp/mapx/ordered.go:46.34,47.28 1 0
github.com/whitekid/goxp/mapx/ordered.go:47.28,48.26 1 0
github.com/whitekid/goxp/mapx/ordered.go:48.26,50.5 1 0
github.com/whitekid/goxp/mapx/ordered.go:55.52,56.37 1 0
github.com/whitekid/goxp/mapx/ordered.go:56.37,57.28 1 0
github.com/whitekid/goxp/mapx/ordered.go:57.28,58.29 1 0
github.com/whitekid/goxp/mapx/ordered.go:58.29,60.5 1 0
github.com/whitekid/goxp/mapx/ordered.go:65.62,66.27 1 1
github.com/whitekid/goxp/mapx/ordered.go:66.27,67.30 1 1
github.com/whitekid/goxp/mapx/ordered.go:67.30,68.9 1 0
github.com/whitekid/goxp/mapx/sync.go:15.55,19.2 1 0
github.com/whitekid/goxp/mapx/sync.go:21.41,21.60 1 0
github.com/whitekid/goxp/mapx/sync.go:23.44,26.2 2 0
github.com/whitekid/goxp/mapx/sync.go:28.37,28.54 1 0
github.com/whitekid/goxp/mapx/sync.go:30.47,33.38 2 0
github.com/whitekid/goxp/mapx/sync.go:33.38,36.3 2 0
github.com/whitekid/goxp/mapx/sync.go:38.2,38.37 1 0
github.com/whitekid/goxp/mapx/sync.go:38.37,39.27 1 0
github.com/whitekid/goxp/mapx/sync.go:39.27,40.26 1 0
github.com/whitekid/goxp/mapx/sync.go:40.26,42.5 1 0
github.com/whitekid/goxp/mapx/sync.go:47.44,50.38 2 0
github.com/whitekid/goxp/mapx/sync.go:50.38,53.3 2 0
github.com/whitekid/goxp/mapx/sync.go:55.2,55.29 1 0
github.com/whitekid/goxp/mapx/sync.go:58.46,61.38 2 0
github.com/whitekid/goxp/mapx/sync.go:61.38,64.3 2 0
github.com/whitekid/goxp/mapx/sync.go:66.2,66.29 1 0
github.com/whitekid/goxp/testx/testx.go:12.70,17.2 3 0
github.com/whitekid/goxp/testx/testx.go:19.39,19.66 1 0
github.com/whitekid/goxp/testx/testx.go:21.72,25.2 3 0
github.com/whitekid/goxp/testx/testx.go:27.86,31.2 3 0
github.com/whitekid/goxp/sets/sets.go:13.45,22.2 3 1
github.com/whitekid/goxp/sets/sets.go:24.31,24.64 1 1
github.com/whitekid/goxp/sets/sets.go:25.31,25.55 1 1
github.com/whitekid/goxp/sets/sets.go:27.40,28.29 1 1
github.com/whitekid/goxp/sets/sets.go:28.29,29.29 1 1
github.com/whitekid/goxp/sets/sets.go:29.29,30.12 1 1
github.com/whitekid/goxp/sets/sets.go:33.3,34.33 2 1
github.com/whitekid/goxp/sets/sets.go:39.37,40.19 1 1
github.com/whitekid/goxp/sets/sets.go:40.19,42.3 1 1
github.com/whitekid/goxp/sets/sets.go:44.2,45.13 2 1
github.com/whitekid/goxp/sets/sets.go:48.43,49.29 1 1
github.com/whitekid/goxp/sets/sets.go:49.29,50.30 1 1
github.com/whitekid/goxp/sets/sets.go:50.30,51.12 1 0
github.com/whitekid/goxp/sets/sets.go:54.3,56.45 3 1
github.com/whitekid/goxp/sets/sets.go:60.40,63.2 2 1
github.com/whitekid/goxp/sets/sets.go:65.43,66.29 1 0
github.com/whitekid/goxp/sets/sets.go:66.29,68.3 1 0
github.com/whitekid/goxp/sets/sets.go:71.45,71.76 1 0
github.com/whitekid/goxp/sets/sets.go:72.45,72.79 1 1
github.com/whitekid/goxp/slicex/math.go:15.42,15.70 1 1
github.com/whitekid/goxp/slicex/math.go:15.70,15.86 1 1
github.com/whitekid/goxp/slicex/math.go:17.39,18.22 1 1
github.com/whitekid/goxp/slicex/math.go:18.22,20.3 1 1
github.com/whitekid/goxp/slicex/math.go:21.2,21.10 1 1
github.com/whitekid/goxp/slicex/math.go:24.67,25.22 1 1
github.com/whitekid/goxp/slicex/math.go:25.22,27.3 1 1
github.com/whitekid/goxp/slicex/math.go:28.2,28.10 1 1
github.com/whitekid/goxp/slicex/math.go:31.67,32.21 1 0
github.com/whitekid/goxp/slicex/math.go:32.21,34.3 1 0
github.com/whitekid/goxp/slicex/math.go:36.2,38.34 2 0
github.com/whitekid/goxp/slicex/math.go:38.34,39.23 1 0
github.com/whitekid/goxp/slicex/math.go:39.23,41.4 1 0
github.com/whitekid/goxp/slicex/math.go:44.2,44.8 1 0
github.com/whitekid/goxp/slicex/math.go:47.67,48.21 1 0
github.com/whitekid/goxp/slicex/math.go:48.21,50.3 1 0
github.com/whitekid/goxp/slicex/math.go:52.2,54.34 2 0
github.com/whitekid/goxp/slicex/math.go:54.34,55.23 1 0
github.com/whitekid/goxp/slicex/math.go:55.23,57.4 1 0
github.com/whitekid/goxp/slicex/math.go:60.2,60.8 1 0
github.com/whitekid/goxp/slicex/slices.go:18.34,18.49 1 1
github.com/whitekid/goxp/slicex/slices.go:20.44,20.56 1 1
github.com/whitekid/goxp/slicex/slices.go:21.54,23.42 2 0
github.com/whitekid/goxp/slicex/slices.go:23.42,25.3 1 0
github.com/whitekid/goxp/slicex/slices.go:26.2,26.10 1 0
github.com/whitekid/goxp/slicex/slices.go:29.61,29.85 1 0
github.com/whitekid/goxp/slicex/slices.go:30.61,30.96 1 0
github.com/whitekid/goxp/slicex/slices.go:31.61,31.90 1 0
github.com/whitekid/goxp/slicex/slices.go:33.50,35.2 1 1
github.com/whitekid/goxp/slicex/slices.go:37.60,37.103 1 0
github.com/whitekid/goxp/slicex/slices.go:38.60,38.85 1 0
github.com/whitekid/goxp/slicex/slices.go:39.60,39.86 1 0
github.com/whitekid/goxp/slicex/slices.go:40.60,40.93 1 0
github.com/whitekid/goxp/slicex/slices.go:41.60,41.88 1 0
github.com/whitekid/goxp/slicex/slices.go:42.60,42.96 1 0
github.com/whitekid/goxp/slicex/slices.go:43.60,43.100 1 0
github.com/whitekid/goxp/slicex/slices.go:44.44,48.2 3 0
github.com/whitekid/goxp/slicex/slices.go:49.43,49.70 1 0
github.com/whitekid/goxp/slicex/slices.go:51.56,53.2 1 0
github.com/whitekid/goxp/slicex/slices.go:55.52,55.73 1 0
github.com/whitekid/goxp/slicex/slices.go:56.61,57.14 1 1
github.com/whitekid/goxp/slicex/slices.go:57.14,59.3 1 0
github.com/whitekid/goxp/slicex/slices.go:61.2,62.30 2 1
github.com/whitekid/goxp/slicex/slices.go:62.30,64.3 1 1
github.com/whitekid/goxp/slicex/slices.go:66.2,66.10 1 1
github.com/whitekid/goxp/slicex/slices.go:69.35,69.59 1 0
github.com/whitekid/goxp/slicex/slices.go:70.35,70.59 1 0
github.com/whitekid/goxp/slicex/slices.go:72.35,77.2 3 1
github.com/whitekid/goxp/slicex/slices.go:80.53,81.14 1 1
github.com/whitekid/goxp/slicex/slices.go:81.14,83.3 1 1
github.com/whitekid/goxp/slicex/slices.go:85.2,85.20 1 1
github.com/whitekid/goxp/slicex/slices.go:85.20,87.3 1 1
github.com/whitekid/goxp/slicex/slices.go:89.2,92.6 3 1
github.com/whitekid/goxp/slicex/slices.go:92.6,94.27 2 1
github.com/whitekid/goxp/slicex/slices.go:94.27,95.12 1 1
github.com/whitekid/goxp/slicex/slices.go:98.3,99.21 2 1
github.com/whitekid/goxp/slicex/slices.go:99.21,100.9 1 1
github.com/whitekid/goxp/slicex/slices.go:103.3,103.23 1 1
github.com/whitekid/goxp/slicex/slices.go:106.2,106.10 1 1
github.com/whitekid/goxp/slicex/slices.go:109.59,112.19 2 0
github.com/whitekid/goxp/slicex/slices.go:112.19,114.3 1 0
github.com/whitekid/goxp/slicex/slices.go:116.2,116.10 1 0
github.com/whitekid/goxp/slicex/slices.go:119.31,119.61 1 1
github.com/whitekid/goxp/slicex/slices.go:119.61,119.77 1 1
github.com/whitekid/goxp/slicex/slices.go:120.31,120.60 1 1
github.com/whitekid/goxp/slicex/slices.go:120.60,120.73 1 1
github.com/whitekid/goxp/slicex/slices.go:122.44,122.59 1 0
github.com/whitekid/goxp/slicex/slices.go:123.48,124.22 1 1
github.com/whitekid/goxp/slicex/slices.go:124.22,126.3 1 1
github.com/whitekid/goxp/slicex/slices.go:129.58,129.82 1 0
github.com/whitekid/goxp/slicex/slices.go:130.52,131.14 1 1
github.com/whitekid/goxp/slicex/slices.go:131.14,133.3 1 0
github.com/whitekid/goxp/slicex/slices.go:135.2,137.27 2 1
github.com/whitekid/goxp/slicex/slices.go:137.27,138.13 1 1
github.com/whitekid/goxp/slicex/slices.go:138.13,140.4 1 1
github.com/whitekid/goxp/slicex/slices.go:141.3,141.19 1 1
github.com/whitekid/goxp/slicex/slices.go:144.2,144.23 1 1
github.com/whitekid/goxp/slicex/slices.go:147.48,147.72 1 0
github.com/whitekid/goxp/slicex/slices.go:148.56,149.22 1 0
github.com/whitekid/goxp/slicex/slices.go:149.22,151.3 1 0
github.com/whitekid/goxp/slicex/slices.go:153.2,153.10 1 0
github.com/whitekid/goxp/slicex/slices.go:156.36,157.14 1 0
github.com/whitekid/goxp/slicex/slices.go:157.14,159.3 1 0
github.com/whitekid/goxp/slicex/slices.go:161.2,162.39 2 0
github.com/whitekid/goxp/slicex/slices.go:162.39,162.66 1 0
github.com/whitekid/goxp/slicex/slices.go:164.2,164.10 1 0
github.com/whitekid/goxp/slicex/slices.go:167.40,171.22 3 1
github.com/whitekid/goxp/slicex/slices.go:171.22,172.27 1 1
github.com/whitekid/goxp/slicex/slices.go:172.27,173.12 1 1
github.com/whitekid/goxp/slicex/slices.go:176.3,177.23 2 1
github.com/whitekid/goxp/slicex/slices.go:180.2,180.23 1 1
github.com/whitekid/goxp/slicex/slices.go:183.65,183.103 1 0
github.com/whitekid/goxp/slicex/slices.go:184.73,186.2 1 0
github.com/whitekid/goxp/slicex/slices.go:188.50,191.35 2 1
github.com/whitekid/goxp/slicex/slices.go:191.35,192.20 1 1
github.com/whitekid/goxp/slicex/slices.go:192.20,194.4 1 1
github.com/whitekid/goxp/slicex/slices.go:196.3,197.14 2 1
github.com/whitekid/goxp/slicex/slices.go:201.34,202.17 1 1
github.com/whitekid/goxp/slicex/slices.go:202.17,204.3 1 0
github.com/whitekid/goxp/slicex/slices.go:207.2,208.26 2 1
github.com/whitekid/goxp/slicex/slices.go:208.26,210.3 1 1
github.com/whitekid/goxp/slicex/slices.go:212.2,213.22 2 1
github.com/whitekid/goxp/slicex/slices.go:213.22,215.3 1 1
github.com/whitekid/goxp/slicex/slices.go:217.2,217.10 1 1
github.com/whitekid/goxp/slicex/slices.go:220.71,223.22 2 1
github.com/whitekid/goxp/slicex/slices.go:223.22,225.25 2 1
github.com/whitekid/goxp/slicex/slices.go:225.25,227.4 1 1
github.com/whitekid/goxp/slicex/slices.go:229.3,229.25 1 1
github.com/whitekid/goxp/slicex/slices.go:232.2,232.10 1 1
github.com/whitekid/goxp/slug/shortner.go:9.45,13.2 1 1
github.com/whitekid/goxp/slug/shortner.go:15.44,18.2 2 1
github.com/whitekid/goxp/slug/shortner.go:20.53,22.16 2 1
github.com/whitekid/goxp/slug/shortner.go:22.16,24.3 1 0
github.com/whitekid/goxp/slug/shortner.go:26.2,29.24 3 1
github.com/whitekid/goxp/slug/slug.go:15.32,17.2 1 1
github.com/whitekid/goxp/slug/slug.go:19.52,23.2 1 1
github.com/whitekid/goxp/slug/slug.go:25.52,25.95 1 1
github.com/whitekid/goxp/slug/slug.go:26.52,26.91 1 1
github.com/whitekid/goxp/slug/slug.go:32.47,33.21 1 1
github.com/whitekid/goxp/slug/slug.go:33.21,35.3 1 1
github.com/whitekid/goxp/slug/slug.go:37.2,39.3 1 1
github.com/whitekid/goxp/slug/slug.go:43.45,45.2 1 1
github.com/whitekid/goxp/slug/slug.go:48.46,50.16 2 1
github.com/whitekid/goxp/slug/slug.go:50.16,52.3 1 0
github.com/whitekid/goxp/slug/slug.go:54.2,54.49 1 1
github.com/whitekid/goxp/slug/slug.go:54.49,56.3 1 1
github.com/whitekid/goxp/slug/slug.go:58.2,58.20 1 0
github.com/whitekid/goxp/slug/slug.go:65.35,65.69 1 1
github.com/whitekid/goxp/slug/slug.go:69.36,69.71 1 1
github.com/whitekid/goxp/validate/validator.go:12.26,13.43 1 1
github.com/whitekid/goxp/validate/validator.go:13.43,15.3 1 1
github.com/whitekid/goxp/validate/validator.go:17.2,17.12 1 1
github.com/whitekid/goxp/validate/validator.go:20.39,21.49 1 1
github.com/whitekid/goxp/validate/validator.go:21.49,23.3 1 1
github.com/whitekid/goxp/validate/validator.go:25.2,25.12 1 1
github.com/whitekid/goxp/validate/validator.go:28.30,29.36 1 0
github.com/whitekid/goxp/validate/validator.go:29.36,30.60 1 0
github.com/whitekid/goxp/validate/validator.go:30.60,32.4 1 0
github.com/whitekid/goxp/validate/validator.go:35.2,35.12 1 0
github.com/whitekid/goxp/validate/validator.go:38.40,42.2 2 1
github.com/whitekid/goxp/retry/backoff.go:16.52,16.86 1 1
github.com/whitekid/goxp/retry/backoff.go:18.77,20.2 1 1
github.com/whitekid/goxp/retry/backoff.go:24.117,27.12 2 1
github.com/whitekid/goxp/retry/backoff.go:27.12,30.3 2 1
github.com/whitekid/goxp/retry/backoff.go:32.2,32.21 1 1
github.com/whitekid/goxp/retry/backoff.go:32.21,34.3 1 1
github.com/whitekid/goxp/retry/backoff.go:36.2,42.3 1 1
github.com/whitekid/goxp/retry/backoff.go:56.57,56.80 1 1
github.com/whitekid/goxp/retry/backoff.go:58.56,59.12 1 1
github.com/whitekid/goxp/retry/backoff.go:59.12,63.3 2 1
github.com/whitekid/goxp/retry/backoff.go:65.2,65.16 1 1
github.com/whitekid/goxp/retry/backoff.go:69.47,73.31 3 1
github.com/whitekid/goxp/retry/backoff.go:73.31,75.3 1 0
github.com/whitekid/goxp/retry/backoff.go:75.8,77.3 1 1
github.com/whitekid/goxp/retry/backoff.go:79.2,79.16 1 1
github.com/whitekid/goxp/retry/retry.go:13.22,19.2 1 1
github.com/whitekid/goxp/retry/retry.go:28.72,28.100 1 0
github.com/whitekid/goxp/retry/retry.go:53.50,56.2 2 1
github.com/whitekid/goxp/retry/retry.go:58.79,62.2 3 1
github.com/whitekid/goxp/retry/retry.go:64.95,67.31 2 1
github.com/whitekid/goxp/retry/retry.go:67.31,68.30 1 1
github.com/whitekid/goxp/retry/retry.go:68.30,70.4 1 1
github.com/whitekid/goxp/retry/retry.go:72.3,72.32 1 1
github.com/whitekid/goxp/retry/retry.go:72.32,74.4 1 1
github.com/whitekid/goxp/retry/retry.go:76.3,76.30 1 1
github.com/whitekid/goxp/retry/retry.go:76.30,78.4 1 1
github.com/whitekid/goxp/retry/retry.go:80.3,82.10 2 1
github.com/whitekid/goxp/retry/retry.go:83.21,84.20 1 0
github.com/whitekid/goxp/retry/retry.go:85.32,86.12 1 1
github.com/whitekid/goxp/retry/retry.go:90.2,90.12 1 1
github.com/whitekid/goxp/requests/mime.go:14.35,18.40 3 1
github.com/whitekid/goxp/requests/mime.go:18.40,20.3 1 1
github.com/whitekid/goxp/requests/mime.go:22.2,22.53 1 1
github.com/whitekid/goxp/requests/mime.go:22.53,27.3 3 1
github.com/whitekid/goxp/requests/mime.go:29.2,29.17 1 1
github.com/whitekid/goxp/requests/mime.go:34.44,39.2 3 1
github.com/whitekid/goxp/requests/mime_darwin.go:5.13,9.2 1 1
github.com/whitekid/goxp/requests/request.go:69.60,69.105 1 1
github.com/whitekid/goxp/requests/request.go:70.60,70.104 1 1
github.com/whitekid/goxp/requests/request.go:71.60,71.107 1 0
github.com/whitekid/goxp/requests/request.go:72.60,72.104 1 0
github.com/whitekid/goxp/requests/request.go:73.60,73.106 1 0
github.com/whitekid/goxp/requests/request.go:74.60,74.108 1 0
github.com/whitekid/goxp/requests/request.go:75.60,75.105 1 0
github.com/whitekid/goxp/requests/request.go:76.60,76.96 1 0
github.com/whitekid/goxp/requests/request.go:79.52,80.19 1 1
github.com/whitekid/goxp/requests/request.go:80.19,82.3 1 0
github.com/whitekid/goxp/requests/request.go:84.2,93.3 1 1
github.com/whitekid/goxp/requests/request.go:104.32,104.44 1 1
github.com/whitekid/goxp/requests/request.go:106.38,110.2 1 1
github.com/whitekid/goxp/requests/request.go:112.47,112.95 2 1
github.com/whitekid/goxp/requests/request.go:113.47,113.88 2 1
github.com/whitekid/goxp/requests/request.go:116.56,117.26 1 1
github.com/whitekid/goxp/requests/request.go:117.26,117.58 1 1
github.com/whitekid/goxp/requests/request.go:120.46,121.26 1 1
github.com/whitekid/goxp/requests/request.go:121.26,121.43 1 1
github.com/whitekid/goxp/requests/request.go:124.54,125.26 1 1
github.com/whitekid/goxp/requests/request.go:125.26,125.54 1 1
github.com/whitekid/goxp/requests/request.go:128.63,129.28 1 1
github.com/whitekid/goxp/requests/request.go:129.28,131.20 2 1
github.com/whitekid/goxp/requests/request.go:131.20,131.48 1 1
github.com/whitekid/goxp/requests/request.go:134.2,134.10 1 1
github.com/whitekid/goxp/requests/request.go:137.60,138.26 1 1
github.com/whitekid/goxp/requests/request.go:138.26,138.74 1 1
github.com/whitekid/goxp/requests/request.go:141.61,142.26 1 0
github.com/whitekid/goxp/requests/request.go:142.26,145.3 2 0
github.com/whitekid/goxp/requests/request.go:148.53,153.2 4 1
github.com/whitekid/goxp/requests/request.go:155.52,160.2 4 1
github.com/whitekid/goxp/requests/request.go:163.53,164.26 1 1
github.com/whitekid/goxp/requests/request.go:164.26,164.53 1 1
github.com/whitekid/goxp/requests/request.go:167.62,168.27 1 1
github.com/whitekid/goxp/requests/request.go:168.27,170.20 2 1
github.com/whitekid/goxp/requests/request.go:170.20,170.47 1 1
github.com/whitekid/goxp/requests/request.go:173.2,173.10 1 1
github.com/whitekid/goxp/requests/request.go:176.52,177.26 1 1
github.com/whitekid/goxp/requests/request.go:177.26,177.58 1 1
github.com/whitekid/goxp/requests/request.go:180.60,181.27 1 0
github.com/whitekid/goxp/requests/request.go:181.27,183.20 2 0
github.com/whitekid/goxp/requests/request.go:183.20,183.52 1 0
github.com/whitekid/goxp/requests/request.go:185.2,185.10 1 0
github.com/whitekid/goxp/requests/request.go:188.44,189.26 1 1
github.com/whitekid/goxp/requests/request.go:189.26,189.72 1 1
github.com/whitekid/goxp/requests/request.go:193.49,194.26 1 1
github.com/whitekid/goxp/requests/request.go:194.26,194.43 1 1
github.com/whitekid/goxp/requests/request.go:197.60,198.26 1 1
github.com/whitekid/goxp/requests/request.go:198.26,198.47 1 1
github.com/whitekid/goxp/requests/request.go:201.56,202.32 1 1
github.com/whitekid/goxp/requests/request.go:202.32,204.3 1 1
github.com/whitekid/goxp/requests/request.go:206.2,207.22 2 1
github.com/whitekid/goxp/requests/request.go:207.22,209.17 2 1
github.com/whitekid/goxp/requests/request.go:209.17,211.4 1 0
github.com/whitekid/goxp/requests/request.go:213.3,214.19 2 1
github.com/whitekid/goxp/requests/request.go:217.2,219.18 2 1
github.com/whitekid/goxp/requests/request.go:220.57,221.10 1 1
github.com/whitekid/goxp/requests/request.go:222.30,224.51 2 1
github.com/whitekid/goxp/requests/request.go:225.30,230.35 4 1
github.com/whitekid/goxp/requests/request.go:230.35,231.41 1 1
github.com/whitekid/goxp/requests/request.go:231.41,233.6 1 0
github.com/whitekid/goxp/requests/request.go:235.4,235.15 1 1
github.com/whitekid/goxp/requests/request.go:237.22,238.17 1 1
github.com/whitekid/goxp/requests/request.go:242.2,243.16 2 1
github.com/whitekid/goxp/requests/request.go:243.16,245.3 1 0
github.com/whitekid/goxp/requests/request.go:247.2,247.18 1 1
github.com/whitekid/goxp/requests/request.go:247.18,249.3 1 1
github.com/whitekid/goxp/requests/request.go:251.2,251.27 1 1
github.com/whitekid/goxp/requests/request.go:251.27,253.3 1 0
github.com/whitekid/goxp/requests/request.go:255.2,255.30 1 1
github.com/whitekid/goxp/requests/request.go:255.30,256.24 1 1
github.com/whitekid/goxp/requests/request.go:256.24,258.4 1 1
github.com/whitekid/goxp/requests/request.go:261.2,261.17 1 1
github.com/whitekid/goxp/requests/request.go:265.62,267.16 2 1
github.com/whitekid/goxp/requests/request.go:267.16,269.3 1 0
github.com/whitekid/goxp/requests/request.go:271.2,272.19 2 1
github.com/whitekid/goxp/requests/request.go:272.19,274.3 1 1
github.com/whitekid/goxp/requests/request.go:276.2,276.24 1 1
github.com/whitekid/goxp/requests/request.go:276.24,277.77 1 1
github.com/whitekid/goxp/requests/request.go:277.77,277.111 1 1
github.com/whitekid/goxp/requests/request.go:280.2,281.16 2 1
github.com/whitekid/goxp/requests/request.go:281.16,283.3 1 0
github.com/whitekid/goxp/requests/request.go:285.2,286.60 2 1
github.com/whitekid/goxp/requests/request.go:287.14,290.37 3 1
github.com/whitekid/goxp/requests/request.go:291.12,292.63 1 1
github.com/whitekid/goxp/requests/request.go:293.14,296.43 3 1
github.com/whitekid/goxp/requests/request.go:297.17,298.62 1 0
github.com/whitekid/goxp/requests/request.go:301.2,301.17 1 1
github.com/whitekid/goxp/requests/request.go:301.17,303.3 1 1
github.com/whitekid/goxp/requests/request.go:305.2,305.29 1 1
github.com/whitekid/goxp/requests/request.go:313.60,315.2 1 1
github.com/whitekid/goxp/requests/request.go:317.37,318.17 1 1
github.com/whitekid/goxp/requests/request.go:318.17,320.3 1 1
github.com/whitekid/goxp/requests/request.go:322.2,322.12 1 0
github.com/whitekid/goxp/requests/response.go:16.36,17.80 1 1
github.com/whitekid/goxp/requests/response.go:17.80,19.3 1 1
github.com/whitekid/goxp/requests/response.go:21.2,21.88 1 0
github.com/whitekid/goxp/requests/response.go:27.36,31.2 3 1
github.com/whitekid/goxp/requests/response.go:34.38,37.2 2 0
github.com/whitekid/goxp/requests/session.go:20.48,21.19 1 0
github.com/whitekid/goxp/requests/session.go:21.19,24.3 2 0
github.com/whitekid/goxp/requests/session.go:26.2,28.3 1 0
github.com/whitekid/goxp/requests/session.go:36.58,38.2 1 0
github.com/whitekid/goxp/requests/session.go:40.57,42.2 1 0
github.com/whitekid/goxp/requests/session.go:44.60,46.2 1 0
github.com/whitekid/goxp/requests/session.go:48.57,50.2 1 0
github.com/whitekid/goxp/requests/session.go:52.59,54.2 1 0
github.com/whitekid/goxp/requests/session.go:56.61,58.2 1 0
github.com/whitekid/goxp/requests/session.go:60.58,62.2 1 0
github.com/whitekid/goxp/x509x/x509.go:45.68,46.54 1 0
github.com/whitekid/goxp/x509x/x509.go:46.54,48.15 2 0
github.com/whitekid/goxp/x509x/x509.go:48.15,50.4 1 0
github.com/whitekid/goxp/x509x/x509.go:52.3,52.22 1 0
github.com/whitekid/goxp/x509x/x509.go:55.2,55.41 1 0
github.com/whitekid/goxp/x509x/x509.go:58.74,60.6 2 0
github.com/whitekid/goxp/x509x/x509.go:60.6,62.15 2 0
github.com/whitekid/goxp/x509x/x509.go:62.15,64.4 1 0
github.com/whitekid/goxp/x509x/x509.go:66.3,67.17 2 0
github.com/whitekid/goxp/x509x/x509.go:67.17,69.4 1 0
github.com/whitekid/goxp/x509x/x509.go:70.3,71.18 2 0
github.com/whitekid/goxp/x509x/x509.go:76.66,77.45 1 1
github.com/whitekid/goxp/x509x/x509.go:77.45,79.15 2 1
github.com/whitekid/goxp/x509x/x509.go:79.15,81.4 1 0
github.com/whitekid/goxp/x509x/x509.go:83.3,83.21 1 1
github.com/whitekid/goxp/x509x/x509.go:86.2,87.16 2 1
github.com/whitekid/goxp/x509x/x509.go:87.16,89.3 1 0
github.com/whitekid/goxp/x509x/x509.go:91.2,91.17 1 1
github.com/whitekid/goxp/x509x/x509.go:106.88,107.19 1 1
github.com/whitekid/goxp/x509x/x509.go:108.28,109.68 1 1
github.com/whitekid/goxp/x509x/x509.go:110.28,111.68 1 1
github.com/whitekid/goxp/x509x/x509.go:112.28,113.68 1 1
github.com/whitekid/goxp/x509x/x509.go:114.26,115.56 1 1
github.com/whitekid/goxp/x509x/x509.go:116.26,117.56 1 1
github.com/whitekid/goxp/x509x/x509.go:118.26,119.56 1 1
github.com/whitekid/goxp/x509x/x509.go:120.24,121.56 1 1
github.com/whitekid/goxp/x509x/x509.go:122.10,123.78 1 0
github.com/whitekid/goxp/x509x/x509.go:126.2,126.16 1 1
github.com/whitekid/goxp/x509x/x509.go:126.16,128.3 1 0
github.com/whitekid/goxp/x509x/x509.go:130.2,130.8 1 1
github.com/whitekid/goxp/x509x/x509.go:134.62,136.14 2 0
github.com/whitekid/goxp/x509x/x509.go:136.14,138.3 1 0
github.com/whitekid/goxp/x509x/x509.go:140.2,142.9 3 0
github.com/whitekid/goxp/x509x/x509.go:143.60,144.48 1 0
github.com/whitekid/goxp/x509x/x509.go:146.62,147.45 1 0
github.com/whitekid/goxp/x509x/x509.go:149.10,150.45 1 0
github.com/whitekid/goxp/x509x/x509.go:153.2,153.16 1 0
github.com/whitekid/goxp/x509x/x509.go:153.16,155.3 1 0
github.com/whitekid/goxp/x509x/x509.go:156.2,156.17 1 0
github.com/whitekid/goxp/x509x/x509.go:160.67,161.26 1 1
github.com/whitekid/goxp/x509x/x509.go:162.25,167.29 1 1
github.com/whitekid/goxp/x509x/x509.go:167.29,169.4 1 1
github.com/whitekid/goxp/x509x/x509.go:171.23,176.19 1 1
github.com/whitekid/goxp/x509x/x509.go:176.19,178.4 1 1
github.com/whitekid/goxp/x509x/x509.go:180.26,181.26 1 1
github.com/whitekid/goxp/x509x/x509.go:184.2,184.39 1 0
github.com/whitekid/goxp/x509x/x509.go:189.107,191.16 2 1
github.com/whitekid/goxp/x509x/x509.go:191.16,193.3 1 0
github.com/whitekid/goxp/x509x/x509.go:195.2,196.16 2 1
github.com/whitekid/goxp/x509x/x509.go:196.16,198.3 1 0
github.com/whitekid/goxp/x509x/x509.go:200.2,205.49 2 1
github.com/whitekid/goxp/x509x/x509.go:208.53,214.2 1 0
github.com/whitekid/goxp/x509x/x509.go:216.67,220.34 3 1
github.com/whitekid/goxp/x509x/x509.go:221.23,223.46 2 1
github.com/whitekid/goxp/x509x/x509.go:224.25,227.17 3 1
github.com/whitekid/goxp/x509x/x509.go:227.17,229.4 1 0
github.com/whitekid/goxp/x509x/x509.go:230.3,230.22 1 1
github.com/whitekid/goxp/x509x/x509.go:231.26,234.17 3 1
github.com/whitekid/goxp/x509x/x509.go:234.17,236.4 1 0
github.com/whitekid/goxp/x509x/x509.go:237.3,237.22 1 1
github.com/whitekid/goxp/x509x/x509.go:238.10,239.76 1 0
github.com/whitekid/goxp/x509x/x509.go:242.2,245.9 1 1
github.com/whitekid/goxp/x509x/x509.go:281.13,283.44 2 1
github.com/whitekid/goxp/x509x/x509.go:283.44,283.92 1 1
github.com/whitekid/goxp/x509x/x509.go:284.2,284.59 1 1
github.com/whitekid/goxp/x509x/x509.go:284.59,284.83 1 1
github.com/whitekid/goxp/x509x/x509.go:285.2,286.47 2 1
github.com/whitekid/goxp/x509x/x509.go:286.47,286.101 1 1
github.com/whitekid/goxp/x509x/x509.go:287.2,287.65 1 1
github.com/whitekid/goxp/x509x/x509.go:287.65,287.92 1 1
github.com/whitekid/goxp/x509x/x509.go:290.57,290.91 1 0
github.com/whitekid/goxp/x509x/x509.go:291.57,291.84 1 0
github.com/whitekid/goxp/x509x/x509.go:292.57,292.94 1 0
github.com/whitekid/goxp/x509x/x509.go:293.57,293.87 1 0
github.com/whitekid/goxp/x509x/x509.go:295.30,298.2 2 0
github.com/whitekid/goxp/x509x/x509.go:300.73,301.25 1 0
github.com/whitekid/goxp/x509x/x509.go:302.24,303.46 1 0
github.com/whitekid/goxp/x509x/x509.go:304.10,306.15 2 0
github.com/whitekid/goxp/x509x/x509.go:316.131,318.118 1 0
github.com/whitekid/goxp/x509x/x509.go:318.118,320.3 1 0
github.com/whitekid/goxp/x509x/x509.go:322.2,322.11 1 0
github.com/whitekid/goxp/x509x/x509.go:322.11,323.53 1 0
github.com/whitekid/goxp/x509x/x509.go:323.53,325.4 1 0
github.com/whitekid/goxp/x509x/x509.go:327.3,327.109 1 0
github.com/whitekid/goxp/x509x/x509.go:327.109,329.4 1 0
github.com/whitekid/goxp/x509x/x509.go:332.2,332.12 1 0
github.com/whitekid/goxp/bits.go:4.65,7.2 2 1
github.com/whitekid/goxp/bits.go:10.67,12.2 1 1
github.com/whitekid/goxp/cond.go:4.61,5.15 1 1
github.com/whitekid/goxp/cond.go:5.15,8.3 2 1
github.com/whitekid/goxp/cond.go:10.2,10.21 1 1
github.com/whitekid/goxp/cond.go:10.21,12.3 1 1
github.com/whitekid/goxp/cond.go:20.54,25.2 1 1
github.com/whitekid/goxp/cond.go:27.41,28.14 1 1
github.com/whitekid/goxp/cond.go:28.14,30.3 1 1
github.com/whitekid/goxp/cond.go:32.2,32.18 1 1
github.com/whitekid/goxp/cond.go:35.61,36.10 1 1
github.com/whitekid/goxp/cond.go:36.10,38.3 1 1
github.com/whitekid/goxp/cond.go:40.2,40.19 1 1
github.com/whitekid/goxp/cond.go:43.69,45.2 1 0
github.com/whitekid/goxp/cond.go:47.71,48.10 1 0
github.com/whitekid/goxp/cond.go:48.10,50.3 1 0
github.com/whitekid/goxp/cond.go:52.2,52.18 1 0
github.com/whitekid/goxp/context.go:9.46,10.9 1 1
github.com/whitekid/goxp/context.go:11.20,12.14 1 0
github.com/whitekid/goxp/context.go:13.10,14.15 1 1
github.com/whitekid/goxp/context.go:19.104,24.2 3 1
github.com/whitekid/goxp/conv.go:9.61,11.16 2 1
github.com/whitekid/goxp/conv.go:11.16,13.3 1 1
github.com/whitekid/goxp/conv.go:15.2,15.17 1 1
github.com/whitekid/goxp/conv.go:18.44,20.16 2 1
github.com/whitekid/goxp/conv.go:20.16,22.3 1 1
github.com/whitekid/goxp/conv.go:24.2,24.10 1 1
github.com/whitekid/goxp/conv.go:27.69,29.16 2 1
github.com/whitekid/goxp/conv.go:29.16,31.3 1 1
github.com/whitekid/goxp/conv.go:33.2,33.17 1 1
github.com/whitekid/goxp/encoding.go:15.43,18.2 2 0
github.com/whitekid/goxp/encoding.go:21.47,21.87 1 0
github.com/whitekid/goxp/encoding.go:24.46,24.85 1 0
github.com/whitekid/goxp/encoding.go:27.47,27.87 1 0
github.com/whitekid/goxp/encoding.go:29.47,29.86 1 0
github.com/whitekid/goxp/encoding.go:30.47,30.85 1 0
github.com/whitekid/goxp/encoding.go:31.47,31.86 1 0
github.com/whitekid/goxp/encoding.go:33.36,37.2 3 0
github.com/whitekid/goxp/errors.go:4.22,5.16 1 1
github.com/whitekid/goxp/errors.go:5.16,6.13 1 0
github.com/whitekid/goxp/errors.go:11.37,12.16 1 0
github.com/whitekid/goxp/errors.go:12.16,13.13 1 0
github.com/whitekid/goxp/errors.go:16.2,16.10 1 0
github.com/whitekid/goxp/exec.go:17.40,17.78 1 1
github.com/whitekid/goxp/exec.go:30.50,30.83 2 1
github.com/whitekid/goxp/exec.go:31.50,31.79 2 0
github.com/whitekid/goxp/exec.go:33.45,33.72 1 0
github.com/whitekid/goxp/exec.go:33.72,33.90 1 0
github.com/whitekid/goxp/exec.go:34.45,34.72 1 0
github.com/whitekid/goxp/exec.go:34.72,34.91 1 0
github.com/whitekid/goxp/exec.go:36.92,41.2 4 1
github.com/whitekid/goxp/exec.go:43.71,47.15 3 1
github.com/whitekid/goxp/exec.go:47.15,50.3 2 1
github.com/whitekid/goxp/exec.go:50.8,50.33 1 1
github.com/whitekid/goxp/exec.go:50.33,53.27 2 1
github.com/whitekid/goxp/exec.go:53.27,55.4 1 1
github.com/whitekid/goxp/exec.go:55.9,57.4 1 0
github.com/whitekid/goxp/exec.go:60.2,65.15 5 1
github.com/whitekid/goxp/exec.go:65.15,67.3 1 1
github.com/whitekid/goxp/exec.go:68.2,70.22 2 1
github.com/whitekid/goxp/exec.go:70.22,72.17 2 1
github.com/whitekid/goxp/exec.go:72.17,74.4 1 0
github.com/whitekid/goxp/exec.go:75.3,75.13 1 1
github.com/whitekid/goxp/exec.go:75.13,78.4 2 1
github.com/whitekid/goxp/exec.go:81.2,81.23 1 1
github.com/whitekid/goxp/exec.go:81.23,83.17 2 1
github.com/whitekid/goxp/exec.go:83.17,85.4 1 0
github.com/whitekid/goxp/exec.go:87.3,87.13 1 1
github.com/whitekid/goxp/exec.go:87.13,90.4 2 1
github.com/whitekid/goxp/exec.go:93.2,93.23 1 1
github.com/whitekid/goxp/exec.go:93.23,95.17 2 0
github.com/whitekid/goxp/exec.go:95.17,97.4 1 0
github.com/whitekid/goxp/exec.go:99.3,99.13 1 0
github.com/whitekid/goxp/exec.go:99.13,102.4 2 0
github.com/whitekid/goxp/exec.go:105.2,105.17 1 1
github.com/whitekid/goxp/exec.go:109.52,111.16 2 1
github.com/whitekid/goxp/exec.go:111.16,113.3 1 0
github.com/whitekid/goxp/exec.go:115.2,115.23 1 1
github.com/whitekid/goxp/exec.go:115.23,117.3 1 1
github.com/whitekid/goxp/exec.go:119.2,119.23 1 1
github.com/whitekid/goxp/exec.go:119.23,121.3 1 1
github.com/whitekid/goxp/exec.go:123.2,123.34 1 1
github.com/whitekid/goxp/exec.go:123.34,125.3 1 0
github.com/whitekid/goxp/exec.go:127.2,127.12 1 1
github.com/whitekid/goxp/exec.go:131.66,133.16 2 1
github.com/whitekid/goxp/exec.go:133.16,135.3 1 0
github.com/whitekid/goxp/exec.go:137.2,137.21 1 1
github.com/whitekid/goxp/exec.go:141.74,143.16 2 0
github.com/whitekid/goxp/exec.go:143.16,145.3 1 0
github.com/whitekid/goxp/exec.go:147.2,147.29 1 0
github.com/whitekid/goxp/math.go:17.31,17.65 1 1
github.com/whitekid/goxp/math.go:19.34,20.11 1 0
github.com/whitekid/goxp/math.go:20.11,22.3 1 0
github.com/whitekid/goxp/math.go:24.2,24.10 1 0
github.com/whitekid/goxp/math.go:27.34,28.11 1 0
github.com/whitekid/goxp/math.go:28.11,30.3 1 0
github.com/whitekid/goxp/math.go:32.2,32.10 1 0
github.com/whitekid/goxp/math.go:35.70,36.16 1 1
github.com/whitekid/goxp/math.go:36.16,38.3 1 1
github.com/whitekid/goxp/math.go:40.2,40.44 1 1
github.com/whitekid/goxp/misc.go:13.24,16.2 2 1
github.com/whitekid/goxp/misc.go:19.24,22.27 3 0
github.com/whitekid/goxp/misc.go:22.27,23.36 1 0
github.com/whitekid/goxp/misc.go:26.2,26.30 1 0
github.com/whitekid/goxp/misc.go:29.35,32.2 2 1
github.com/whitekid/goxp/misc.go:34.38,36.58 2 1
github.com/whitekid/goxp/misc.go:36.58,38.3 1 0
github.com/whitekid/goxp/misc.go:40.2,40.59 1 1
github.com/whitekid/goxp/misc.go:40.59,42.3 1 0
github.com/whitekid/goxp/misc.go:44.2,44.12 1 1
github.com/whitekid/goxp/misc.go:48.53,50.2 1 1
github.com/whitekid/goxp/misc.go:53.31,56.2 2 0
github.com/whitekid/goxp/misc.go:59.23,59.36 1 0
github.com/whitekid/goxp/net.go:12.35,14.16 2 1
github.com/whitekid/goxp/net.go:14.16,16.3 1 0
github.com/whitekid/goxp/net.go:18.2,18.18 1 1
github.com/whitekid/goxp/net.go:22.47,24.34 2 1
github.com/whitekid/goxp/net.go:24.34,26.17 2 1
github.com/whitekid/goxp/net.go:26.17,28.4 1 0
github.com/whitekid/goxp/net.go:29.3,31.43 2 1
github.com/whitekid/goxp/net.go:34.2,34.19 1 1
github.com/whitekid/goxp/net.go:38.38,40.16 2 1
github.com/whitekid/goxp/net.go:40.16,42.3 1 0
github.com/whitekid/goxp/net.go:44.2,44.18 1 1
github.com/whitekid/goxp/net.go:48.50,50.34 2 1
github.com/whitekid/goxp/net.go:50.34,52.17 2 1
github.com/whitekid/goxp/net.go:52.17,54.4 1 0
github.com/whitekid/goxp/net.go:55.3,56.48 2 1
github.com/whitekid/goxp/net.go:59.2,59.19 1 1
github.com/whitekid/goxp/net.go:65.67,67.16 2 1
github.com/whitekid/goxp/net.go:67.16,69.3 1 0
github.com/whitekid/goxp/net.go:71.2,74.14 3 1
github.com/whitekid/goxp/net.go:75.10,76.19 1 1
github.com/whitekid/goxp/net.go:77.15,78.15 1 1
github.com/whitekid/goxp/net.go:79.16,80.16 1 0
github.com/whitekid/goxp/net.go:81.11,82.77 1 0
github.com/whitekid/goxp/net.go:84.11,86.17 2 1
github.com/whitekid/goxp/net.go:86.17,88.4 1 0
github.com/whitekid/goxp/net.go:89.3,89.25 1 1
github.com/whitekid/goxp/net.go:92.2,94.53 2 1
github.com/whitekid/goxp/pool.go:10.44,13.20 1 1
github.com/whitekid/goxp/pool.go:13.20,13.36 1 1
github.com/whitekid/goxp/pool.go:17.2,17.13 1 1
github.com/whitekid/goxp/pool.go:20.28,20.45 1 1
github.com/whitekid/goxp/pool.go:21.27,23.14 2 1
github.com/whitekid/goxp/pool.go:23.14,26.3 2 0
github.com/whitekid/goxp/pool.go:27.2,28.9 2 1
github.com/whitekid/goxp/pool.go:28.9,31.3 2 0
github.com/whitekid/goxp/pool.go:32.2,32.15 1 1
github.com/whitekid/goxp/random.go:18.36,18.82 1 0
github.com/whitekid/goxp/random.go:19.55,20.14 1 1
github.com/whitekid/goxp/random.go:20.14,21.39 1 0
github.com/whitekid/goxp/random.go:24.2,28.28 4 1
github.com/whitekid/goxp/random.go:28.28,33.3 3 1
github.com/whitekid/goxp/random.go:35.2,35.18 1 1
github.com/whitekid/goxp/random.go:38.34,39.14 1 1
github.com/whitekid/goxp/random.go:39.14,40.39 1 0
github.com/whitekid/goxp/random.go:43.2,45.10 3 1
github.com/whitekid/goxp/time.go:43.49,44.50 1 1
github.com/whitekid/goxp/time.go:44.50,45.50 1 1
github.com/whitekid/goxp/time.go:45.50,47.4 1 1
github.com/whitekid/goxp/time.go:50.2,50.63 1 0
github.com/whitekid/goxp/time.go:58.70,60.16 2 0
github.com/whitekid/goxp/time.go:60.16,62.3 1 0
github.com/whitekid/goxp/time.go:63.2,64.12 2 0
github.com/whitekid/goxp/time.go:67.79,69.2 1 1
github.com/whitekid/goxp/time.go:71.84,73.49 2 1
github.com/whitekid/goxp/time.go:73.49,75.3 1 0
github.com/whitekid/goxp/time.go:77.2,78.16 2 1
github.com/whitekid/goxp/time.go:78.16,80.3 1 0
github.com/whitekid/goxp/time.go:82.2,83.12 2 1
github.com/whitekid/goxp/time.go:86.108,88.2 1 1
github.com/whitekid/goxp/time.go:90.110,92.52 2 1
github.com/whitekid/goxp/time.go:92.52,94.3 1 0
github.com/whitekid/goxp/time.go:96.2,97.16 2 1
github.com/whitekid/goxp/time.go:97.16,99.3 1 0
github.com/whitekid/goxp/time.go:101.2,102.12 2 1
github.com/whitekid/goxp/time.go:105.76,107.2 1 1
github.com/whitekid/goxp/time.go:109.89,111.16 2 1
github.com/whitekid/goxp/time.go:111.16,113.3 1 0
github.com/whitekid/goxp/time.go:115.2,116.12 2 1
github.com/whitekid/goxp/time.go:132.49,138.2 1 0
github.com/whitekid/goxp/time.go:140.46,140.70 1 1
github.com/whitekid/goxp/time.go:141.46,141.77 1 0
github.com/whitekid/goxp/time.go:142.46,142.89 1 0
github.com/whitekid/goxp/time.go:144.57,146.2 1 1
github.com/whitekid/goxp/time.go:148.54,150.2 1 1
github.com/whitekid/goxp/time.go:152.83,154.2 1 1
github.com/whitekid/goxp/time.go:156.81,158.2 1 1
github.com/whitekid/goxp/time.go:160.51,162.2 1 1
github.com/whitekid/goxp/time.go:164.62,166.2 1 1
github.com/whitekid/goxp/time.go:181.47,187.2 1 0
github.com/whitekid/goxp/time.go:189.45,189.68 1 1
github.com/whitekid/goxp/time.go:190.45,190.76 1 0
github.com/whitekid/goxp/time.go:191.45,191.88 1 0
github.com/whitekid/goxp/time.go:193.56,195.2 1 1
github.com/whitekid/goxp/time.go:197.53,199.2 1 1
github.com/whitekid/goxp/time.go:201.82,203.2 1 1
github.com/whitekid/goxp/time.go:205.80,207.2 1 1
github.com/whitekid/goxp/time.go:209.50,211.2 1 1
github.com/whitekid/goxp/time.go:213.61,215.2 1 1
github.com/whitekid/goxp/time.go:230.47,234.2 1 0
github.com/whitekid/goxp/time.go:236.41,236.83 1 0
github.com/whitekid/goxp/time.go:238.47,240.16 2 0
github.com/whitekid/goxp/time.go:240.16,242.3 1 0
github.com/whitekid/goxp/time.go:243.2,244.12 2 0
github.com/whitekid/goxp/time.go:247.58,249.49 2 1
github.com/whitekid/goxp/time.go:249.49,251.3 1 0
github.com/whitekid/goxp/time.go:252.2,253.12 2 1
github.com/whitekid/goxp/time.go:256.55,256.88 1 1
github.com/whitekid/goxp/time.go:258.84,261.52 2 1
github.com/whitekid/goxp/time.go:261.52,263.3 1 0
github.com/whitekid/goxp/time.go:265.2,267.12 2 1
github.com/whitekid/goxp/time.go:270.82,272.2 1 1
github.com/whitekid/goxp/time.go:274.63,276.16 2 1
github.com/whitekid/goxp/time.go:276.16,278.3 1 0
github.com/whitekid/goxp/time.go:280.2,281.12 2 1
github.com/whitekid/goxp/time.go:284.52,284.76 1 1
github.com/whitekid/goxp/timer.go:25.47,26.25 1 1
github.com/whitekid/goxp/timer.go:26.25,28.3 1 1
github.com/whitekid/goxp/timer.go:30.2,32.16 2 1
github.com/whitekid/goxp/timer.go:32.16,34.3 1 1
github.com/whitekid/goxp/tuples.go:9.51,11.2 1 1
github.com/whitekid/goxp/tuples.go:13.44,13.65 1 0
github.com/whitekid/goxp/tuples.go:21.52,21.79 1 0
github.com/whitekid/goxp/tuples.go:24.66,26.2 1 0
github.com/whitekid/goxp/worker.go:13.102,19.31 4 1
github.com/whitekid/goxp/worker.go:19.31,21.22 2 1
github.com/whitekid/goxp/worker.go:21.22,21.43 1 1
github.com/whitekid/goxp/worker.go:24.2,24.18 1 1
github.com/whitekid/goxp/worker.go:30.110,31.16 1 1
github.com/whitekid/goxp/worker.go:31.16,34.25 2 1
github.com/whitekid/goxp/worker.go:34.25,36.4 1 0
github.com/whitekid/goxp/worker.go:39.2,42.6 3 1
github.com/whitekid/goxp/worker.go:42.6,43.10 1 1
github.com/whitekid/goxp/worker.go:44.21,45.20 1 1
github.com/whitekid/goxp/worker.go:47.19,48.11 1 0
github.com/whitekid/goxp/worker.go:54.99,58.9 3 1
github.com/whitekid/goxp/worker.go:59.20,60.19 1 1
github.com/whitekid/goxp/worker.go:62.17,63.17 1 1
github.com/whitekid/goxp/worker.go:68.81,70.12 2 1
github.com/whitekid/goxp/worker.go:70.12,73.3 2 1
github.com/whitekid/goxp/worker.go:75.2,75.11 1 1
github.com/whitekid/goxp/worker.go:79.68,81.12 2 1
github.com/whitekid/goxp/worker.go:81.12,84.3 2 1
github.com/whitekid/goxp/worker.go:86.2,86.11 1 1
github.com/whitekid/goxp/services/multi.go:25.51,29.2 1 1
github.com/whitekid/goxp/services/multi.go:31.50,31.90 1 1
github.com/whitekid/goxp/services/multi.go:32.50,32.76 1 0
github.com/whitekid/goxp/services/multi.go:35.61,36.26 1 1
github.com/whitekid/goxp/services/multi.go:36.26,38.3 1 0
github.com/whitekid/goxp/services/multi.go:40.2,43.37 2 1
github.com/whitekid/goxp/services/multi.go:43.37,44.22 1 1
github.com/whitekid/goxp/services/multi.go:44.22,45.45 1 1
github.com/whitekid/goxp/services/multi.go:45.45,46.50 1 0
github.com/whitekid/goxp/services/multi.go:46.50,48.6 1 0
github.com/whitekid/goxp/services/multi.go:50.5,50.15 1 0
github.com/whitekid/goxp/services/multi.go:53.4,53.14 1 1
github.com/whitekid/goxp/services/multi.go:57.2,57.18 1 1
github.com/whitekid/goxp/services/signal.go:20.77,22.23 2 1
github.com/whitekid/goxp/services/signal.go:22.23,24.3 1 0
github.com/whitekid/goxp/services/signal.go:25.2,29.12 4 1
github.com/whitekid/goxp/services/signal.go:29.12,35.7 3 1
github.com/whitekid/goxp/services/signal.go:35.7,36.11 1 1
github.com/whitekid/goxp/services/signal.go:37.20,41.16 3 1
github.com/whitekid/goxp/services/signal.go:42.23,44.17 1 0
github.com/whitekid/goxp/services/signal.go:44.17,47.7 2 0
github.com/whitekid/goxp/services/signal.go:48.6,48.11 1 0
github.com/whitekid/goxp/services/signal.go:50.18,53.16 2 0
github.com/whitekid/goxp/services/signal.go:55.22,57.15 2 1
github.com/whitekid/goxp/services/signal.go:63.2,63.12 1 1
